Cannot invoke method. Method invocation is supported only on core types in this language mode.
At C:\Users\dann.pedersen\AppData\Local\Microsoft\WinGet\Packages\OpenJS.NodeJS.LTS_Microsoft.Winget.Source_8wekyb3d8bb
we\node-v24.15.0-win-x64\npx.ps1:35 char:5
+     $NPX_ORIGINAL_COMMAND = (
+     ~~~~~~~~~~~~~~~~~~~~~~~~~
    + CategoryInfo          : InvalidOperation: (:) [], RuntimeException
    + FullyQualifiedErrorId : MethodInvocationNotSupportedInConstrainedLanguage
 
Cannot invoke method. Method invocation is supported only on core types in this language mode.
At C:\Users\dann.pedersen\AppData\Local\Microsoft\WinGet\Packages\OpenJS.NodeJS.LTS_Microsoft.Winget.Source_8wekyb3d8bb
we\node-v24.15.0-win-x64\npx.ps1:43 char:3
+   $NPX_COMMAND_ARRAY = [Management.Automation.Language.Parser]::Parse ...
+   ~~~~~~~~~~~~~~~~~~~~~~~~~~~~~~~~~~~~~~~~~~~~~~~~~~~~~~~~~~~~~~~~~~~
    + CategoryInfo          : InvalidOperation: (:) [], RuntimeException
    + FullyQualifiedErrorId : MethodInvocationNotSupportedInConstrainedLanguage
 
Microsoft Windows [Version 10.0.26200.8246]
(c) Microsoft Corporation. All rights reserved.

